// Jest Snapshot v1, https://goo.gl/fbAQLP

exports[`snapshot 1`] = `
.c0 {
  display: -webkit-box;
  display: -webkit-flex;
  display: -ms-flexbox;
  display: flex;
  -webkit-flex-wrap: wrap;
  -ms-flex-wrap: wrap;
  flex-wrap: wrap;
  width: 100%;
}

<div
  className="c0"
  role="listbox"
/>
`;
